---
source: crates/agent-square/src/output/tests.rs
expression: "format_msg_json(&snap_chat_frame(\"What is Rust?\"), false)"
---
{"event":"message","id":"00000000-0000-0000-0000-000000000001","type":"msg","square":"💬://2sh6uik3qk2BjD42URSDoBoTsPwnPFLJRNxMPbswdY8xDissgYzRUF4u6aznZ","author":"alice-bot","ts":1700000000,"body":"What is Rust?","to":null,"message":{"messageId":"00000000-0000-0000-0000-000000000001","role":"ROLE_USER","parts":[{"text":"What is Rust?"}],"contextId":"💬://2sh6uik3qk2BjD42URSDoBoTsPwnPFLJRNxMPbswdY8xDissgYzRUF4u6aznZ","extensions":["https://agent-habilis.dev/a2a/ext/mesh-broadcast/v1"]},"display":"💬️ `<alice-bot>`: What is Rust?","self":false,"is_visible":true}
