---
source: src/protocol/message/mod.rs
expression: wire
---
{"v":"2.0","id":"00000000-0000-0000-0000-000000000001","type":"task","to":"addressed-nick","task_id":"550e8400-e29b-41d4-a716-446655440000","phase":"offer","swarm":"🐝://test","author":"alice-bot","ts":1700000000,"body":"## Task\nport the parser","ext":{}}
