---
source: src/protocol/message/mod.rs
expression: wire
---
{"v":"5.0","id":"00000000-0000-0000-0000-000000000001","type":"a2a_resp","to":"addressed-nick","rpc_id":"00000000-0000-0000-0000-0000000000aa","swarm":"💬://test","author":"alice-bot","ts":1700000000,"body":"{\"result\":{\"tasks\":[]}}","ext":{}}
