---
source: crates/agent-gossip/src/output/tests.rs
expression: "snap_state(r#\"{\"turn\": \"b\"}\"#, &serde_json::json!({\"turn\": \"b\", \"n\": 1}),\nfalse,)"
---
{"event":"state","id":"00000000-0000-0000-0000-000000000001","type":"state","room":"💬://2vrDs9ekzS2VUy9R6UwuSiQ2DtvPGQ7MLpzdio4wj37b3k7ycAhTQVpfiPpYu","author":"alice-bot","ts":1700000000,"merge":{"turn":"b"},"document":{"n":1,"turn":"b"},"display":"💬️ `<alice-bot>` changed /turn","self":false,"is_visible":false}
