---
source: crates/agent-gossip/src/output/tests.rs
expression: "format_msg_json(&snap_msg_frame(\"Rust is a systems language.\"), false)"
---
{"event":"message","id":"00000000-0000-0000-0000-000000000001","type":"msg","gossip":"3CyrP8nj82n8e1Cnr33xKEkssHsdFfKDDVNfqyFzZkS2ENuUjtywLgW6hcdRM","author":"alice-bot","ts":1700000000,"body":"Rust is a systems language.","to":"addressed-nick","message":{"messageId":"00000000-0000-0000-0000-000000000001","role":"ROLE_USER","parts":[{"text":"Rust is a systems language."}],"contextId":"3CyrP8nj82n8e1Cnr33xKEkssHsdFfKDDVNfqyFzZkS2ENuUjtywLgW6hcdRM"},"display":"💬️ `<alice-bot>` → `<addressed-nick>`: Rust is a systems language.","self":false,"is_visible":true}
