---
source: crates/agent-gossip/src/output/tests.rs
expression: "super::super::json::format_task_json(&frame, false)"
---
{"event":"task","id":"00000000-0000-0000-0000-000000000001","gossip":"💬://3CyrP8nj82n8e1Cnr33xKEkssHsdFfKDDVNfqyFzZkS2ENuUjtywLgW6hcdRM","author":"alice-bot","ts":1700000000,"to":"calm-otter","task_id":"550e8400-e29b-41d4-a716-446655440000","kind":"artifact-update","state":"input-required","body":"2 findings: missing await in recv; unbounded buffer in flush","payload":{"artifact":{"artifactId":"00000000-0000-0000-0000-00000000000a","parts":[{"text":"2 findings: missing await in recv; unbounded buffer in flush"}]},"contextId":"💬://3CyrP8nj82n8e1Cnr33xKEkssHsdFfKDDVNfqyFzZkS2ENuUjtywLgW6hcdRM","lastChunk":true,"taskId":"550e8400-e29b-41d4-a716-446655440000"},"display":"💬️ task artifact-update input-required `<alice-bot>` → `<calm-otter>`: 2 findings: missing await in recv; unbounded buffer in flush","self":false,"is_visible":false}
