---
source: crates/agent-gossip/src/output/tests.rs
expression: "format_presence_json(&msg, PresenceSubtype::Left)"
---
{"event":"message","id":"00000000-0000-0000-0000-000000000001","type":"presence","gossip":"H5G8iUJfx5UprXFmpSGLTLpjKU5AGhjQd4pAacY3NSZ6wy72P9wvAdsu7kgwG6","author":"alice-bot","ts":1700000000,"subtype":"left","display":"💬️ `<alice-bot>` has left","is_visible":true}
