---
source: src/output/tests.rs
expression: "snap_exchange(ExchangeKind::Handover, ExchangePhase::Confirm, \"looks good\")"
---
{"event":"exchange","id":"00000000-0000-0000-0000-000000000001","swarm":"ahstest","author":"alice-bot","ts":1700000000,"to":"calm-otter","exchange_id":"550e8400-e29b-41d4-a716-446655440000","kind":"handover","phase":"confirm","body":"looks good","display":"🐝️ exchange handover confirm `<alice-bot>` → `<calm-otter>`: looks good","self":false}
