---
source: src/output/tests.rs
expression: "format_msg_json(&msg, false)"
---
{"event":"message","id":"00000000-0000-0000-0000-000000000001","type":"msg","swarm":"🐝://test","author":"alice-bot","ts":1700000000,"body":"Rust is a systems language.","reply":"addressed-nick","display":"🐝️ `<alice-bot>` → `<addressed-nick>`: Rust is a systems language.","self":false}
