---
source: src/output/tests.rs
assertion_line: 511
expression: "snap_state(r#\"[{\"op\":\"add\",\"path\":\"/n\",\"value\":1}]\"#,\n&serde_json::json!({\"n\": 1}), true,)"
---
{"event":"state","id":"00000000-0000-0000-0000-000000000001","type":"state","swarm":"🐝test","author":"alice-bot","ts":1700000000,"patch":[{"op":"add","path":"/n","value":1}],"document":{"n":1},"display":"🐝️ you changed shared state","self":true}
