---
source: src/output/tests.rs
expression: "snap_task(TaskKind::Handover, TaskPhase::Offer, \"## Task\\nport the parser\")"
---
{"event":"task","id":"00000000-0000-0000-0000-000000000001","swarm":"ahstest","author":"alice-bot","ts":1700000000,"to":"calm-otter","task_id":"550e8400-e29b-41d4-a716-446655440000","kind":"handover","phase":"offer","body":"## Task\nport the parser","display":"🐝️ task handover offer `<alice-bot>` → `<calm-otter>`: ## Task\nport the parser","self":false}
